2019/11/21 17:01:53 Activated 1 for type jobType
2019/11/21 17:01:53 Job 1 / 1
{
  "key": 2251799813685326,
  "type": "jobType",
  "workflowInstanceKey": 2251799813685321,
  "bpmnProcessId": "jobProcess",
  "workflowDefinitionVersion": 1,
  "workflowKey": 2251799813685304,
  "elementId": "ServiceTask_0drxnet",
  "elementInstanceKey": 2251799813685325,
  "customHeaders": "{}",
  "worker": "zbctl",
  "retries": 3,
  "deadline": 1574352413604,
  "variables": "{}"
}
