{
  "key": "2251799813685262",
  "tenantId": "<default>"
}
