{
  "key": "2251799813685251",
  "tenantId": "<default>"
}
