{
  "workflowKey": 2251799813685251,
  "bpmnProcessId": "process",
  "version": 2,
  "workflowInstanceKey": 2251799813685253
}
