2019/11/21 16:37:16 Activated job 2251799813685298 with variables {}
2019/11/21 16:37:16 Handler completed job 2251799813685298 with variables {}
