[
  {
    "key": 2251799813685326,
    "type": "jobType",
    "workflowInstanceKey": 2251799813685321,
    "bpmnProcessId": "jobProcess",
    "workflowDefinitionVersion": 1,
    "workflowKey": 2251799813685304,
    "elementId": "ServiceTask_0drxnet",
    "elementInstanceKey": 2251799813685325,
    "customHeaders": "{}",
    "worker": "zbctl",
    "retries": 3,
    "deadline": 1574352413604,
    "variables": "{}"
  },
  {
    "key": 2251799813685326,
    "type": "jobType",
    "workflowInstanceKey": 2251799813685321,
    "bpmnProcessId": "jobProcess",
    "workflowDefinitionVersion": 1,
    "workflowKey": 2251799813685304,
    "elementId": "ServiceTask_0drxnet",
    "elementInstanceKey": 2251799813685325,
    "customHeaders": "{}",
    "worker": "zbctl",
    "retries": 3,
    "deadline": 1574352413604,
    "variables": "{}"
  }
]
