{
  "key": "2251799813685252",
  "tenantId": "<default>"
}
