Cluster size: 1
Partitions count: 1
Replication factor: 1
Brokers:
  Broker 0 - 0.0.0.0:26501
    Partition 1 : Leader
