Error: rpc error: code = NotFound desc = Command 'UPDATE_TIMEOUT' rejected with code 'NOT_FOUND': Expected to update job deadline with key '2251799813685253', but no such job was found
