Updated the timeout of job with key '2251799813685359' to '10000'
