Error: rpc error: code = Unavailable desc = connection error: desc = "transport: authentication handshake failed: tls: first record does not look like a TLS handshake"
